
[FEATURE SELECTION]
  -> Features remaining: 10 of 10
  -> Proceeding to Optuna with 10 features

[OPTUNA TUNING - STUB]
  -> Problem type : Classification
  -> Stub model   : LightGBM  |  F1=0.9379

[EVALUATION - STUB]
  -> F1 (weighted) : 0.9379
  -> ROC-AUC       : 0.9529

[FEATURE SELECTION]
  -> Features remaining: 10 of 10
  -> Proceeding to Optuna with 10 features

[OPTUNA TUNING - STUB]
  -> Problem type : Regression
  -> Stub model   : Ridge Regression

[EVALUATION - STUB]
  -> RMSE : 0.1108
  -> MAE  : 0.0889
  -> R▓   : 1.0

[FEATURE SELECTION]
  -> Features remaining: 10 of 10
  -> Proceeding to Optuna with 10 features

[OPTUNA TUNING - STUB]
  -> Problem type : Clustering
  -> Stub model   : KMeans (k=3)

[EVALUATION - STUB]
  -> Clusters found    : 3
  -> Silhouette score  : 0.7054
  -> Davies-Bouldin    : 0.4061

[FEATURE SELECTION]
  -> Features remaining: 10 of 10
  -> Proceeding to Optuna with 10 features

[OPTUNA TUNING - STUB]
  -> Problem type : Classification
  -> Stub model   : LightGBM  |  F1=0.9138

[EVALUATION - STUB]
  -> F1 (weighted) : 0.904
  -> ROC-AUC       : 0.9699

[FEATURE SELECTION]
  -> Features remaining: 10 of 10
  -> Proceeding to Optuna with 10 features

[OPTUNA TUNING - STUB]
  -> Problem type : Classification
  -> Stub model   : LightGBM  |  F1=0.8360

[EVALUATION - STUB]
  -> F1 (weighted) : 0.8595
  -> ROC-AUC       : 0.9424

[FEATURE SELECTION]
  -> Features remaining: 10 of 10
  -> Proceeding to Optuna with 10 features

[OPTUNA TUNING - STUB]
  -> Problem type : Classification
  -> Stub model   : LightGBM  |  F1=0.9509

[EVALUATION - STUB]
  -> F1 (weighted) : 0.9518
  -> ROC-AUC       : 0.9812

[FEATURE SELECTION]
  -> Features remaining: 12 of 12
  -> Proceeding to Optuna with 12 features

[OPTUNA TUNING - STUB]
  -> Problem type : Classification
  -> Stub model   : LightGBM  |  F1=0.9154

[EVALUATION - STUB]
  -> F1 (weighted) : 0.905
  -> ROC-AUC       : 0.9689

[FEATURE SELECTION]
  -> Level 1 - Variance threshold : dropped 'constant_col' (quasi-constant, audit flagged)
  -> Features remaining: 10 of 11
  -> Proceeding to Optuna with 10 features

[OPTUNA TUNING - STUB]
  -> Problem type : Classification
  -> Stub model   : LightGBM  |  F1=0.9138

[EVALUATION - STUB]
  -> F1 (weighted) : 0.904
  -> ROC-AUC       : 0.9699

[FEATURE SELECTION]
  -> Features remaining: 13 of 13
  -> Proceeding to Optuna with 13 features

[OPTUNA TUNING - STUB]
  -> Problem type : Classification
  -> Stub model   : LightGBM  |  F1=0.9098

[EVALUATION - STUB]
  -> F1 (weighted) : 0.907
  -> ROC-AUC       : 0.9704

[FEATURE SELECTION]
  -> Features remaining: 11 of 11
  -> Proceeding to Optuna with 11 features

[OPTUNA TUNING - STUB]
  -> Problem type : Classification
  -> Stub model   : LightGBM  |  F1=0.9986

[EVALUATION - STUB]
  -> F1 (weighted) : 0.999
  -> ROC-AUC       : 1.0

[FEATURE SELECTION]
  -> Features remaining: 10 of 10
  -> Proceeding to Optuna with 10 features

[OPTUNA TUNING - STUB]
  -> Problem type : Classification
  -> Stub model   : LightGBM  |  F1=0.8514

[EVALUATION - STUB]
  -> F1 (weighted) : 0.8551
  -> ROC-AUC       : 0.9716

[FEATURE SELECTION]
  -> Level 1 - Variance threshold : dropped 'constant_1' (quasi-constant, audit flagged)
  -> Level 1 - Variance threshold : dropped 'constant_2' (quasi-constant, audit flagged)
  -> Level 1 - VarianceThreshold skipped: No feature in X meets the variance threshold 0.01000
  -> Features remaining: 2 of 5
  -> Proceeding to Optuna with 2 features

[OPTUNA TUNING - STUB]
  -> Problem type : Classification
  -> Stub model   : LightGBM  |  F1=0.4912

[EVALUATION - STUB]
  -> F1 (weighted) : 0.481
  -> ROC-AUC       : 0.4813

[FEATURE SELECTION]
  -> Features remaining: 1 of 1
  -> Proceeding to Optuna with 1 features

[OPTUNA TUNING - STUB]
  -> Problem type : Classification
  -> Stub model   : LightGBM  |  F1=0.9412

[EVALUATION - STUB]
  -> F1 (weighted) : 0.943
  -> ROC-AUC       : 0.9797

[FEATURE SELECTION]
  -> Features remaining: 10 of 10
  -> Proceeding to Optuna with 10 features

[OPTUNA TUNING - STUB]
  -> Problem type : Classification
  -> Stub model   : LightGBM  |  F1=0.4407

[EVALUATION - STUB]
  -> F1 (weighted) : 0.476
  -> ROC-AUC       : 0.9099

[FEATURE SELECTION]
  -> Features remaining: 5 of 5
  -> Proceeding to Optuna with 5 features

[OPTUNA TUNING - STUB]
  -> Problem type : Regression
  -> Stub model   : Ridge Regression

[EVALUATION - STUB]
  -> RMSE : 1.9811
  -> MAE  : 1.2511
  -> R▓   : 0.7447

[FEATURE SELECTION]
  -> Features remaining: 5 of 5
  -> Proceeding to Optuna with 5 features

[OPTUNA TUNING - STUB]
  -> Problem type : Regression
  -> Stub model   : Ridge Regression

[EVALUATION - STUB]
  -> RMSE : 0.4783
  -> MAE  : 0.3763
  -> R▓   : -0.0041

[FEATURE SELECTION]
  -> Features remaining: 10 of 10
  -> Proceeding to Optuna with 10 features

[OPTUNA TUNING - STUB]
  -> Problem type : Classification
  -> Stub model   : LightGBM  |  F1=0.9138

[EVALUATION - STUB]
  -> F1 (weighted) : 0.904
  -> ROC-AUC       : 0.9699

==============================================================
  MOCK TEST RESULTS
==============================================================
  [+]  mock_binary_classification             PASS
  [+]  mock_regression                        PASS
  [+]  mock_clustering                        PASS
  [+]  mock_severe_imbalance                  PASS
  [+]  mock_very_small                        PASS
  [+]  mock_large                             PASS
  [+]  mock_high_correlation                  PASS
  [+]  mock_zero_variance                     PASS
  [+]  mock_weak_features                     PASS
  [+]  mock_leakage                           PASS
  [+]  mock_multiclass                        PASS
  [-]  mock_all_features_dropped              FAIL
       Error: Should have raised ValueError ù all features were expected to be dropped
  [+]  mock_single_feature                    PASS
  [+]  mock_many_classes                      PASS
  [+]  mock_heteroscedastic                   PASS
  [+]  mock_skewed_target                     PASS
  [+]  mock_low_optuna_budget                 PASS
==============================================================
  16/17 passed

